// Jest Snapshot v1, https://goo.gl/fbAQLP

exports[`<Homepage /> renders a homepage 1`] = `
<div>
  Homepage
</div>
`;
